Archive member included to satisfy reference by file (symbol)

lib/orangescrt.a(printf.o)    kernel/main.o (printf)
lib/orangescrt.a(vsprintf.o)  kernel/main.o (vsprintf)
lib/orangescrt.a(string.o)    kernel/start.o (memcpy)
lib/orangescrt.a(misc.o)      kernel/main.o (send_recv)
lib/orangescrt.a(open.o)      kernel/main.o (open)
lib/orangescrt.a(read.o)      kernel/main.o (read)
lib/orangescrt.a(write.o)     kernel/main.o (write)
lib/orangescrt.a(close.o)     kernel/main.o (close)
lib/orangescrt.a(getpid.o)    kernel/main.o (getpid)
lib/orangescrt.a(stat.o)      mm/exec.o (stat)
lib/orangescrt.a(fork.o)      kernel/main.o (fork)
lib/orangescrt.a(wait.o)      kernel/main.o (wait)
lib/orangescrt.a(exec.o)      kernel/main.o (execv)
lib/orangescrt.a(syscall.o)   lib/orangescrt.a(misc.o) (sendrec)

Allocating common symbols
Common symbol       size              file

idt_ptr             0x6               kernel/global.o
inode_table         0xb00             kernel/global.o
task_stack          0x24000           kernel/global.o
k_reenter           0x4               kernel/global.o
gdt                 0x400             kernel/global.o
current_console     0x4               kernel/global.o
pcaller             0x4               kernel/global.o
tty_table           0xc6c             kernel/global.o
tss                 0x68              kernel/global.o
fs_msg              0x30              kernel/global.o
memory_size         0x4               kernel/global.o
f_desc_table        0x400             kernel/global.o
root_inode          0x4               kernel/global.o
disp_pos            0x4               kernel/global.o
mm_msg              0x30              kernel/global.o
key_pressed         0x4               kernel/global.o
gdt_ptr             0x6               kernel/global.o
currentDir_inode    0x4               kernel/global.o
idt                 0x800             kernel/global.o
super_block         0x200             kernel/global.o
PARTITION_ENTRY     0x10              kernel/hd.o
ticks               0x4               kernel/global.o
console_table       0x3c              kernel/global.o
irq_table           0x40              kernel/global.o
p_proc_ready        0x4               kernel/global.o
proc_table          0x3af8            kernel/global.o

Discarded input sections

 .note.GNU-stack
                0x0000000000000000        0x0 kernel/start.o
 .note.GNU-stack
                0x0000000000000000        0x0 kernel/main.o
 .note.GNU-stack
                0x0000000000000000        0x0 kernel/clock.o
 .note.GNU-stack
                0x0000000000000000        0x0 kernel/keyboard.o
 .note.GNU-stack
                0x0000000000000000        0x0 kernel/tty.o
 .note.GNU-stack
                0x0000000000000000        0x0 kernel/console.o
 .note.GNU-stack
                0x0000000000000000        0x0 kernel/i8259.o
 .note.GNU-stack
                0x0000000000000000        0x0 kernel/global.o
 .note.GNU-stack
                0x0000000000000000        0x0 kernel/protect.o
 .note.GNU-stack
                0x0000000000000000        0x0 kernel/proc.o
 .note.GNU-stack
                0x0000000000000000        0x0 kernel/systask.o
 .note.GNU-stack
                0x0000000000000000        0x0 kernel/hd.o
 .note.GNU-stack
                0x0000000000000000        0x0 kernel/klib.o
 .note.GNU-stack
                0x0000000000000000        0x0 lib/syslog.o
 .note.GNU-stack
                0x0000000000000000        0x0 mm/main.o
 .note.GNU-stack
                0x0000000000000000        0x0 mm/forkexit.o
 .note.GNU-stack
                0x0000000000000000        0x0 mm/exec.o
 .note.GNU-stack
                0x0000000000000000        0x0 fs/main.o
 .note.GNU-stack
                0x0000000000000000        0x0 fs/open.o
 .note.GNU-stack
                0x0000000000000000        0x0 fs/misc.o
 .note.GNU-stack
                0x0000000000000000        0x0 fs/read_write.o
 .note.GNU-stack
                0x0000000000000000        0x0 fs/link.o
 .note.GNU-stack
                0x0000000000000000        0x0 fs/disklog.o
 .note.GNU-stack
                0x0000000000000000        0x0 lib/orangescrt.a(printf.o)
 .note.GNU-stack
                0x0000000000000000        0x0 lib/orangescrt.a(vsprintf.o)
 .note.GNU-stack
                0x0000000000000000        0x0 lib/orangescrt.a(misc.o)
 .note.GNU-stack
                0x0000000000000000        0x0 lib/orangescrt.a(open.o)
 .note.GNU-stack
                0x0000000000000000        0x0 lib/orangescrt.a(read.o)
 .note.GNU-stack
                0x0000000000000000        0x0 lib/orangescrt.a(write.o)
 .note.GNU-stack
                0x0000000000000000        0x0 lib/orangescrt.a(close.o)
 .note.GNU-stack
                0x0000000000000000        0x0 lib/orangescrt.a(getpid.o)
 .note.GNU-stack
                0x0000000000000000        0x0 lib/orangescrt.a(stat.o)
 .note.GNU-stack
                0x0000000000000000        0x0 lib/orangescrt.a(fork.o)
 .note.GNU-stack
                0x0000000000000000        0x0 lib/orangescrt.a(wait.o)
 .note.GNU-stack
                0x0000000000000000        0x0 lib/orangescrt.a(exec.o)

Memory Configuration

Name             Origin             Length             Attributes
*default*        0x0000000000000000 0xffffffffffffffff

Linker script and memory map

Address of section .text set to 0x1000
LOAD kernel/kernel.o
LOAD kernel/start.o
LOAD kernel/main.o
LOAD kernel/clock.o
LOAD kernel/keyboard.o
LOAD kernel/tty.o
LOAD kernel/console.o
LOAD kernel/i8259.o
LOAD kernel/global.o
LOAD kernel/protect.o
LOAD kernel/proc.o
LOAD kernel/systask.o
LOAD kernel/hd.o
LOAD kernel/kliba.o
LOAD kernel/klib.o
LOAD lib/syslog.o
LOAD mm/main.o
LOAD mm/forkexit.o
LOAD mm/exec.o
LOAD fs/main.o
LOAD fs/open.o
LOAD fs/misc.o
LOAD fs/read_write.o
LOAD fs/link.o
LOAD fs/disklog.o
LOAD lib/orangescrt.a
                [!provide]                        PROVIDE (__executable_start, 0x8048000)
                0x0000000008048094                . = (0x8048000 + SIZEOF_HEADERS)

.interp
 *(.interp)

.note.gnu.build-id
 *(.note.gnu.build-id)

.hash
 *(.hash)

.gnu.hash
 *(.gnu.hash)

.dynsym
 *(.dynsym)

.dynstr
 *(.dynstr)

.gnu.version
 *(.gnu.version)

.gnu.version_d
 *(.gnu.version_d)

.gnu.version_r
 *(.gnu.version_r)

.rel.dyn        0x0000000008048094        0x0
 *(.rel.init)
 *(.rel.text .rel.text.* .rel.gnu.linkonce.t.*)
 .rel.text      0x0000000008048094        0x0 kernel/kernel.o
 *(.rel.fini)
 *(.rel.rodata .rel.rodata.* .rel.gnu.linkonce.r.*)
 *(.rel.data.rel.ro .rel.data.rel.ro.* .rel.gnu.linkonce.d.rel.ro.*)
 *(.rel.data .rel.data.* .rel.gnu.linkonce.d.*)
 .rel.data      0x0000000008048094        0x0 kernel/kernel.o
 *(.rel.tdata .rel.tdata.* .rel.gnu.linkonce.td.*)
 *(.rel.tbss .rel.tbss.* .rel.gnu.linkonce.tb.*)
 *(.rel.ctors)
 *(.rel.dtors)
 *(.rel.got)
 *(.rel.bss .rel.bss.* .rel.gnu.linkonce.b.*)
 *(.rel.ifunc)

.rel.plt        0x0000000008048094        0x0
 *(.rel.plt)
                [!provide]                        PROVIDE (__rel_iplt_start, .)
 *(.rel.iplt)
 .rel.iplt      0x0000000008048094        0x0 kernel/kernel.o
                [!provide]                        PROVIDE (__rel_iplt_end, .)

.init
 *(SORT(.init))

.plt            0x00000000080480a0        0x0
 *(.plt)
 *(.iplt)
 .iplt          0x00000000080480a0        0x0 kernel/kernel.o

.plt.got
 *(.plt.got)

.text           0x0000000000001000     0xb698
 *(.text.unlikely .text.*_unlikely .text.unlikely.*)
 *(.text.exit .text.exit.*)
 *(.text.startup .text.startup.*)
 *(.text.hot .text.hot.*)
 *(.text .stub .text.* .gnu.linkonce.t.*)
 .text          0x0000000000001000      0x410 kernel/kernel.o
                0x0000000000001000                _start
                0x0000000000001040                hwint00
                0x0000000000001070                hwint01
                0x00000000000010a0                hwint02
                0x00000000000010d0                hwint03
                0x0000000000001100                hwint04
                0x0000000000001130                hwint05
                0x0000000000001160                hwint06
                0x0000000000001190                hwint07
                0x00000000000011c0                hwint08
                0x00000000000011f0                hwint09
                0x0000000000001220                hwint10
                0x0000000000001250                hwint11
                0x0000000000001280                hwint12
                0x00000000000012b0                hwint13
                0x00000000000012e0                hwint14
                0x0000000000001310                hwint15
                0x0000000000001334                divide_error
                0x000000000000133a                single_step_exception
                0x0000000000001340                nmi
                0x0000000000001346                breakpoint_exception
                0x000000000000134c                overflow
                0x0000000000001352                bounds_check
                0x0000000000001358                inval_opcode
                0x000000000000135e                copr_not_available
                0x0000000000001364                double_fault
                0x0000000000001368                copr_seg_overrun
                0x000000000000136e                inval_tss
                0x0000000000001372                segment_not_present
                0x0000000000001376                stack_exception
                0x000000000000137a                general_protection
                0x000000000000137e                page_fault
                0x0000000000001382                copr_error
                0x00000000000013cb                sys_call
                0x00000000000013eb                restart
 .text          0x0000000000001410       0x95 kernel/start.o
                0x0000000000001410                cstart
 .text          0x00000000000014a5      0x8fd kernel/main.o
                0x00000000000014a5                kernel_main
                0x00000000000017c0                get_ticks
                0x00000000000017f4                untar
                0x00000000000019bc                shabby_shell
                0x0000000000001bd3                Init
                0x0000000000001d4a                TestA
                0x0000000000001d4f                TestB
                0x0000000000001d54                TestC
                0x0000000000001d59                panic
 .text          0x0000000000001da2      0x10d kernel/clock.o
                0x0000000000001da2                clock_handler
                0x0000000000001e1d                milli_delay
                0x0000000000001e57                init_clock
 .text          0x0000000000001eaf      0x6da kernel/keyboard.o
                0x0000000000001eaf                keyboard_handler
                0x0000000000001f19                init_keyboard
                0x0000000000001fc8                keyboard_read
 .text          0x0000000000002589      0xa4a kernel/tty.o
                0x0000000000002589                task_tty
                0x000000000000277a                in_process
                0x0000000000002cd3                sys_printx
                0x0000000000002e72                dump_tty_buf
 .text          0x0000000000002fd3      0x7d7 kernel/console.o
                0x0000000000002fd3                init_screen
                0x0000000000003147                out_char
                0x0000000000003424                is_current_console
                0x0000000000003517                select_console
                0x0000000000003557                scroll_screen
 .text          0x00000000000037aa      0x130 kernel/i8259.o
                0x00000000000037aa                init_8259A
                0x000000000000387f                spurious_irq
                0x00000000000038b6                put_irq_handler
 .text          0x00000000000038da        0x0 kernel/global.o
 .text          0x00000000000038da      0x65f kernel/protect.o
                0x00000000000038da                init_prot
                0x0000000000003d42                seg2linear
                0x0000000000003d91                init_desc
                0x0000000000003dfe                exception_handler
 .text          0x0000000000003f39     0x1619 kernel/proc.o
                0x0000000000003f39                schedule
                0x0000000000003fc5                sys_sendrec
                0x00000000000040e5                ldt_seg_linear
                0x000000000000412f                va2la
                0x0000000000004190                reset_msg
                0x0000000000004f99                inform_int
                0x0000000000005109                dump_proc
                0x0000000000005445                dump_msg
 .text          0x0000000000005552      0x2bc kernel/systask.o
                0x0000000000005552                task_sys
 .text          0x000000000000580e      0xe1f kernel/hd.o
                0x000000000000580e                task_hd
                0x0000000000006602                hd_handler
 *fill*         0x000000000000662d        0x3 
 .text          0x0000000000006630      0x19a kernel/kliba.o
                0x0000000000006630                disp_str
                0x000000000000666e                disp_color_str
                0x00000000000066ad                out_byte
                0x00000000000066b9                in_byte
                0x00000000000066c3                port_read
                0x00000000000066d6                port_write
                0x00000000000066e9                disable_irq
                0x000000000000671e                enable_irq
                0x000000000000673d                disable_int
                0x000000000000673f                enable_int
                0x0000000000006741                glitter
 .text          0x00000000000067ca      0x2af kernel/klib.o
                0x00000000000067ca                get_boot_params
                0x0000000000006850                get_kernel_map
                0x0000000000006960                itoa
                0x0000000000006a0b                disp_int
                0x0000000000006a32                delay
 .text          0x0000000000006a79       0x6f lib/syslog.o
                0x0000000000006a79                syslog
 .text          0x0000000000006ae8      0x1bc mm/main.o
                0x0000000000006ae8                task_mm
                0x0000000000006c1f                alloc_mem
                0x0000000000006c9a                free_mem
 .text          0x0000000000006ca4      0x5c0 mm/forkexit.o
                0x0000000000006ca4                do_fork
                0x0000000000006fe5                do_exit
                0x00000000000071ae                do_wait
 .text          0x0000000000007264      0x35b mm/exec.o
                0x0000000000007264                do_exec
 .text          0x00000000000075bf     0x109e fs/main.o
                0x00000000000075bf                task_fs
                0x0000000000008057                rw_sector
                0x0000000000008265                get_super_block
                0x00000000000082ab                get_inode
                0x000000000000840e                put_inode
                0x000000000000844c                sync_inode
 .text          0x000000000000865d      0xbb9 fs/open.o
                0x00000000000086a5                do_open
                0x0000000000008bc8                back
                0x0000000000008bd2                do_close
                0x0000000000008c2e                do_lseek
 .text          0x0000000000009216      0x738 fs/misc.o
                0x0000000000009216                do_stat
                0x00000000000093e7                search_file
                0x00000000000095b8                strip_path
                0x0000000000009739                open_dir
 .text          0x000000000000994e      0x49a fs/read_write.o
                0x000000000000994e                do_rdwt
 .text          0x0000000000009de8      0x959 fs/link.o
                0x0000000000009de8                do_unlink2
                0x000000000000a502                cleanDir
                0x000000000000a624                do_unlink
 .text          0x000000000000a741     0x1417 fs/disklog.o
                0x000000000000a741                do_disklog
                0x000000000000a7dc                disklog
                0x000000000000acb7                dump_fd_graph
 .text          0x000000000000bb58       0xad lib/orangescrt.a(printf.o)
                0x000000000000bb58                printf
                0x000000000000bbc3                printl
 .text          0x000000000000bc05      0x305 lib/orangescrt.a(vsprintf.o)
                0x000000000000bc63                vsprintf
                0x000000000000bee4                sprintf
 *fill*         0x000000000000bf0a        0x6 
 .text          0x000000000000bf10       0x78 lib/orangescrt.a(string.o)
                0x000000000000bf10                memcpy
                0x000000000000bf39                memset
                0x000000000000bf5a                strcpy
                0x000000000000bf72                strlen
 .text          0x000000000000bf88      0x256 lib/orangescrt.a(misc.o)
                0x000000000000bf88                send_recv
                0x000000000000c042                memcmp
                0x000000000000c0b8                strcmp
                0x000000000000c12b                strcat
                0x000000000000c18a                spin
                0x000000000000c1a5                assertion_failure
 .text          0x000000000000c1de       0x69 lib/orangescrt.a(open.o)
                0x000000000000c1de                open
 .text          0x000000000000c247       0x37 lib/orangescrt.a(read.o)
                0x000000000000c247                read
 .text          0x000000000000c27e       0x37 lib/orangescrt.a(write.o)
                0x000000000000c27e                write
 .text          0x000000000000c2b5       0x2b lib/orangescrt.a(close.o)
                0x000000000000c2b5                close
 .text          0x000000000000c2e0       0x46 lib/orangescrt.a(getpid.o)
                0x000000000000c2e0                getpid
 .text          0x000000000000c326       0x63 lib/orangescrt.a(stat.o)
                0x000000000000c326                stat
 .text          0x000000000000c389       0x66 lib/orangescrt.a(fork.o)
                0x000000000000c389                fork
 .text          0x000000000000c3ef       0x3c lib/orangescrt.a(wait.o)
                0x000000000000c3ef                wait
 .text          0x000000000000c42b      0x237 lib/orangescrt.a(exec.o)
                0x000000000000c42b                exec
                0x000000000000c496                execl
                0x000000000000c4bb                execv
 *fill*         0x000000000000c662        0xe 
 .text          0x000000000000c670       0x28 lib/orangescrt.a(syscall.o)
                0x000000000000c670                sendrec
                0x000000000000c68a                printx
 *(.gnu.warning)

.fini
 *(SORT(.fini))
                [!provide]                        PROVIDE (__etext, .)
                [!provide]                        PROVIDE (_etext, .)
                [!provide]                        PROVIDE (etext, .)

.rodata         0x000000000000c6a0     0x24ef
 *(.rodata .rodata.* .gnu.linkonce.r.*)
 .rodata        0x000000000000c6a0       0x47 kernel/start.o
 *fill*         0x000000000000c6e7        0x1 
 .rodata        0x000000000000c6e8      0x198 kernel/main.o
 .rodata        0x000000000000c880       0x64 kernel/keyboard.o
 .rodata        0x000000000000c8e4      0x168 kernel/tty.o
 .rodata        0x000000000000ca4c       0x5b kernel/console.o
 .rodata        0x000000000000caa7       0x11 kernel/i8259.o
 .rodata        0x000000000000cab8       0x10 kernel/global.o
                0x000000000000cab8                FSBUF_SIZE
                0x000000000000cabc                MMBUF_SIZE
                0x000000000000cac0                LOGBUF_SIZE
                0x000000000000cac4                LOGDISKBUF_SIZE
 *fill*         0x000000000000cac8       0x18 
 .rodata        0x000000000000cae0      0x580 kernel/protect.o
 .rodata        0x000000000000d060      0x5da kernel/proc.o
 .rodata        0x000000000000d63a       0x11 kernel/systask.o
 *fill*         0x000000000000d64b        0x1 
 .rodata        0x000000000000d64c      0x1df kernel/hd.o
 *fill*         0x000000000000d82b        0x1 
 .rodata        0x000000000000d82c       0x6a kernel/klib.o
 .rodata        0x000000000000d896       0x1e lib/syslog.o
 .rodata        0x000000000000d8b4       0xb1 mm/main.o
 *fill*         0x000000000000d965        0x3 
 .rodata        0x000000000000d968       0xe7 mm/forkexit.o
 *fill*         0x000000000000da4f        0x1 
 .rodata        0x000000000000da50       0xa4 mm/exec.o
 .rodata        0x000000000000daf4      0x2b6 fs/main.o
 *fill*         0x000000000000ddaa        0x2 
 .rodata        0x000000000000ddac      0x17a fs/open.o
 *fill*         0x000000000000df26        0x2 
 .rodata        0x000000000000df28       0xe8 fs/misc.o
 .rodata        0x000000000000e010      0x164 fs/read_write.o
 .rodata        0x000000000000e174      0x20c fs/link.o
 .rodata        0x000000000000e380      0x627 fs/disklog.o
 .rodata        0x000000000000e9a7       0x14 lib/orangescrt.a(printf.o)
 *fill*         0x000000000000e9bb        0x1 
 .rodata        0x000000000000e9bc       0xad lib/orangescrt.a(misc.o)
 .rodata        0x000000000000ea69       0x23 lib/orangescrt.a(open.o)
 .rodata        0x000000000000ea8c       0x25 lib/orangescrt.a(getpid.o)
 .rodata        0x000000000000eab1       0x23 lib/orangescrt.a(stat.o)
 .rodata        0x000000000000ead4       0x33 lib/orangescrt.a(fork.o)
 *fill*         0x000000000000eb07        0x1 
 .rodata        0x000000000000eb08       0x87 lib/orangescrt.a(exec.o)

.rodata1
 *(.rodata1)

.eh_frame_hdr
 *(.eh_frame_hdr)
 *(.eh_frame_entry .eh_frame_entry.*)

.eh_frame       0x000000000000eb90     0x1344
 *(.eh_frame)
 .eh_frame      0x000000000000eb90       0x38 kernel/start.o
 .eh_frame      0x000000000000ebc8      0x108 kernel/main.o
                                        0x120 (size before relaxing)
 .eh_frame      0x000000000000ecd0       0x60 kernel/clock.o
                                         0x78 (size before relaxing)
 .eh_frame      0x000000000000ed30       0xe0 kernel/keyboard.o
                                         0xf8 (size before relaxing)
 .eh_frame      0x000000000000ee10      0x13c kernel/tty.o
                                        0x154 (size before relaxing)
 .eh_frame      0x000000000000ef4c      0x144 kernel/console.o
                                        0x15c (size before relaxing)
 .eh_frame      0x000000000000f090       0x60 kernel/i8259.o
                                         0x78 (size before relaxing)
 .eh_frame      0x000000000000f0f0       0xb0 kernel/protect.o
                                         0xc8 (size before relaxing)
 .eh_frame      0x000000000000f1a0      0x1b8 kernel/proc.o
                                        0x1d0 (size before relaxing)
 .eh_frame      0x000000000000f358       0x5c kernel/systask.o
                                         0x74 (size before relaxing)
 .eh_frame      0x000000000000f3b4      0x1f0 kernel/hd.o
                                        0x208 (size before relaxing)
 .eh_frame      0x000000000000f5a4       0xa0 kernel/klib.o
                                         0xb8 (size before relaxing)
 .eh_frame      0x000000000000f644       0x20 lib/syslog.o
                                         0x38 (size before relaxing)
 .eh_frame      0x000000000000f664       0x7c mm/main.o
                                         0x94 (size before relaxing)
 .eh_frame      0x000000000000f6e0       0x90 mm/forkexit.o
                                         0xa8 (size before relaxing)
 .eh_frame      0x000000000000f770       0x2c mm/exec.o
                                         0x44 (size before relaxing)
 .eh_frame      0x000000000000f79c      0x170 fs/main.o
                                        0x188 (size before relaxing)
 .eh_frame      0x000000000000f90c      0x160 fs/open.o
                                        0x178 (size before relaxing)
 .eh_frame      0x000000000000fa6c       0x8c fs/misc.o
                                         0xa4 (size before relaxing)
 .eh_frame      0x000000000000faf8       0x2c fs/read_write.o
                                         0x44 (size before relaxing)
 .eh_frame      0x000000000000fb24       0x74 fs/link.o
                                         0x8c (size before relaxing)
 .eh_frame      0x000000000000fb98       0x80 fs/disklog.o
                                         0x98 (size before relaxing)
 .eh_frame      0x000000000000fc18       0x40 lib/orangescrt.a(printf.o)
                                         0x58 (size before relaxing)
 .eh_frame      0x000000000000fc58       0x60 lib/orangescrt.a(vsprintf.o)
                                         0x78 (size before relaxing)
 .eh_frame      0x000000000000fcb8       0xbc lib/orangescrt.a(misc.o)
                                         0xd4 (size before relaxing)
 .eh_frame      0x000000000000fd74       0x20 lib/orangescrt.a(open.o)
                                         0x38 (size before relaxing)
 .eh_frame      0x000000000000fd94       0x20 lib/orangescrt.a(read.o)
                                         0x38 (size before relaxing)
 .eh_frame      0x000000000000fdb4       0x20 lib/orangescrt.a(write.o)
                                         0x38 (size before relaxing)
 .eh_frame      0x000000000000fdd4       0x20 lib/orangescrt.a(close.o)
                                         0x38 (size before relaxing)
 .eh_frame      0x000000000000fdf4       0x20 lib/orangescrt.a(getpid.o)
                                         0x38 (size before relaxing)
 .eh_frame      0x000000000000fe14       0x20 lib/orangescrt.a(stat.o)
                                         0x38 (size before relaxing)
 .eh_frame      0x000000000000fe34       0x20 lib/orangescrt.a(fork.o)
                                         0x38 (size before relaxing)
 .eh_frame      0x000000000000fe54       0x20 lib/orangescrt.a(wait.o)
                                         0x38 (size before relaxing)
 .eh_frame      0x000000000000fe74       0x60 lib/orangescrt.a(exec.o)
                                         0x78 (size before relaxing)
 *(.eh_frame.*)

.gcc_except_table
 *(.gcc_except_table .gcc_except_table.*)

.gnu_extab
 *(.gnu_extab*)

.exception_ranges
 *(.exception_ranges .exception_ranges*)
                0x0000000000010000                . = DATA_SEGMENT_ALIGN (0x1000, 0x1000)

.eh_frame
 *(.eh_frame)
 *(.eh_frame.*)

.gnu_extab
 *(.gnu_extab)

.gcc_except_table
 *(.gcc_except_table .gcc_except_table.*)

.exception_ranges
 *(.exception_ranges .exception_ranges*)

.tdata
 *(.tdata .tdata.* .gnu.linkonce.td.*)

.tbss
 *(.tbss .tbss.* .gnu.linkonce.tb.*)
 *(.tcommon)

.preinit_array  0x0000000000010000        0x0
                [!provide]                        PROVIDE (__preinit_array_start, .)
 *(.preinit_array)
                [!provide]                        PROVIDE (__preinit_array_end, .)

.init_array     0x0000000000010000        0x0
                [!provide]                        PROVIDE (__init_array_start, .)
 *(SORT(.init_array.*) SORT(.ctors.*))
 *(.init_array EXCLUDE_FILE(*crtend?.o *crtend.o *crtbegin?.o *crtbegin.o) .ctors)
                [!provide]                        PROVIDE (__init_array_end, .)

.fini_array     0x0000000000010000        0x0
                [!provide]                        PROVIDE (__fini_array_start, .)
 *(SORT(.fini_array.*) SORT(.dtors.*))
 *(.fini_array EXCLUDE_FILE(*crtend?.o *crtend.o *crtbegin?.o *crtbegin.o) .dtors)
                [!provide]                        PROVIDE (__fini_array_end, .)

.ctors
 *crtbegin.o(.ctors)
 *crtbegin?.o(.ctors)
 *(EXCLUDE_FILE(*crtend?.o *crtend.o) .ctors)
 *(SORT(.ctors.*))
 *(.ctors)

.dtors
 *crtbegin.o(.dtors)
 *crtbegin?.o(.dtors)
 *(EXCLUDE_FILE(*crtend?.o *crtend.o) .dtors)
 *(SORT(.dtors.*))
 *(.dtors)

.jcr
 *(.jcr)

.data.rel.ro
 *(.data.rel.ro.local* .gnu.linkonce.d.rel.ro.local.*)
 *(.data.rel.ro .data.rel.ro.* .gnu.linkonce.d.rel.ro.*)

.dynamic
 *(.dynamic)

.got
 *(.got)
 *(.igot)
                0x0000000000010000                . = DATA_SEGMENT_RELRO_END (., (SIZEOF (.got.plt) >= 0xc)?0xc:0x0)

.got.plt        0x0000000000010000        0x0
 *(.got.plt)
 *(.igot.plt)
 .igot.plt      0x0000000000010000        0x0 kernel/kernel.o

.data           0x0000000000010000      0x814
 *(.data .data.* .gnu.linkonce.d.*)
 .data          0x0000000000010000        0x2 kernel/kernel.o
 .data          0x0000000000010002        0x0 kernel/start.o
 .data          0x0000000000010002        0x0 kernel/main.o
 .data          0x0000000000010002        0x0 kernel/clock.o
 *fill*         0x0000000000010002       0x1e 
 .data          0x0000000000010020      0x600 kernel/keyboard.o
                0x0000000000010020                keymap
 .data          0x0000000000010620       0x22 kernel/tty.o
 .data          0x0000000000010642        0x0 kernel/console.o
 .data          0x0000000000010642        0x0 kernel/i8259.o
 *fill*         0x0000000000010642       0x1e 
 .data          0x0000000000010660      0x1b4 kernel/global.o
                0x0000000000010660                task_table
                0x0000000000010740                user_proc_table
                0x00000000000107e0                sys_call_table
                0x00000000000107ec                dd_map
                0x0000000000010804                fsbuf
                0x0000000000010808                mmbuf
                0x000000000001080c                logbuf
                0x0000000000010810                logdiskbuf
 .data          0x0000000000010814        0x0 kernel/protect.o
 .data          0x0000000000010814        0x0 kernel/proc.o
 .data          0x0000000000010814        0x0 kernel/systask.o
 .data          0x0000000000010814        0x0 kernel/hd.o
 .data          0x0000000000010814        0x0 kernel/klib.o
 .data          0x0000000000010814        0x0 lib/syslog.o
 .data          0x0000000000010814        0x0 mm/main.o
 .data          0x0000000000010814        0x0 mm/forkexit.o
 .data          0x0000000000010814        0x0 mm/exec.o
 .data          0x0000000000010814        0x0 fs/main.o
 .data          0x0000000000010814        0x0 fs/open.o
 .data          0x0000000000010814        0x0 fs/misc.o
 .data          0x0000000000010814        0x0 fs/read_write.o
 .data          0x0000000000010814        0x0 fs/link.o
 .data          0x0000000000010814        0x0 fs/disklog.o
 .data          0x0000000000010814        0x0 lib/orangescrt.a(printf.o)
 .data          0x0000000000010814        0x0 lib/orangescrt.a(vsprintf.o)
 .data          0x0000000000010814        0x0 lib/orangescrt.a(misc.o)
 .data          0x0000000000010814        0x0 lib/orangescrt.a(open.o)
 .data          0x0000000000010814        0x0 lib/orangescrt.a(read.o)
 .data          0x0000000000010814        0x0 lib/orangescrt.a(write.o)
 .data          0x0000000000010814        0x0 lib/orangescrt.a(close.o)
 .data          0x0000000000010814        0x0 lib/orangescrt.a(getpid.o)
 .data          0x0000000000010814        0x0 lib/orangescrt.a(stat.o)
 .data          0x0000000000010814        0x0 lib/orangescrt.a(fork.o)
 .data          0x0000000000010814        0x0 lib/orangescrt.a(wait.o)
 .data          0x0000000000010814        0x0 lib/orangescrt.a(exec.o)

.data1
 *(.data1)
                0x0000000000010814                _edata = .
                [!provide]                        PROVIDE (edata, .)
                0x0000000000010814                . = .
                0x0000000000010814                __bss_start = .

.bss            0x0000000000010820    0x2b7a8
 *(.dynbss)
 *(.bss .bss.* .gnu.linkonce.b.*)
 .bss           0x0000000000010820      0x800 kernel/kernel.o
 .bss           0x0000000000011020        0x0 kernel/start.o
 .bss           0x0000000000011020        0x0 kernel/main.o
 .bss           0x0000000000011020        0x0 kernel/clock.o
 .bss           0x0000000000011020       0x58 kernel/keyboard.o
 .bss           0x0000000000011078        0x0 kernel/tty.o
 .bss           0x0000000000011078        0x0 kernel/console.o
 .bss           0x0000000000011078        0x0 kernel/i8259.o
 .bss           0x0000000000011078        0x0 kernel/global.o
 .bss           0x0000000000011078        0x0 kernel/protect.o
 .bss           0x0000000000011078        0x0 kernel/proc.o
 .bss           0x0000000000011078        0x0 kernel/systask.o
 *fill*         0x0000000000011078        0x8 
 .bss           0x0000000000011080      0x64c kernel/hd.o
 .bss           0x00000000000116cc        0x0 kernel/klib.o
 .bss           0x00000000000116cc        0x0 lib/syslog.o
 .bss           0x00000000000116cc        0x0 mm/main.o
 .bss           0x00000000000116cc        0x0 mm/forkexit.o
 .bss           0x00000000000116cc        0x0 mm/exec.o
 .bss           0x00000000000116cc        0x0 fs/main.o
 .bss           0x00000000000116cc        0x0 fs/open.o
 .bss           0x00000000000116cc        0x0 fs/misc.o
 .bss           0x00000000000116cc        0x0 fs/read_write.o
 .bss           0x00000000000116cc        0x0 fs/link.o
 *fill*         0x00000000000116cc       0x14 
 .bss           0x00000000000116e0      0x208 fs/disklog.o
 .bss           0x00000000000118e8        0x0 lib/orangescrt.a(printf.o)
 .bss           0x00000000000118e8        0x0 lib/orangescrt.a(vsprintf.o)
 .bss           0x00000000000118e8        0x0 lib/orangescrt.a(misc.o)
 .bss           0x00000000000118e8        0x0 lib/orangescrt.a(open.o)
 .bss           0x00000000000118e8        0x0 lib/orangescrt.a(read.o)
 .bss           0x00000000000118e8        0x0 lib/orangescrt.a(write.o)
 .bss           0x00000000000118e8        0x0 lib/orangescrt.a(close.o)
 .bss           0x00000000000118e8        0x0 lib/orangescrt.a(getpid.o)
 .bss           0x00000000000118e8        0x0 lib/orangescrt.a(stat.o)
 .bss           0x00000000000118e8        0x0 lib/orangescrt.a(fork.o)
 .bss           0x00000000000118e8        0x0 lib/orangescrt.a(wait.o)
 .bss           0x00000000000118e8        0x0 lib/orangescrt.a(exec.o)
 *(COMMON)
 *fill*         0x00000000000118e8       0x18 
 COMMON         0x0000000000011900    0x2a6b8 kernel/global.o
                0x0000000000011900                idt_ptr
                0x0000000000011920                inode_table
                0x0000000000012420                task_stack
                0x0000000000036420                k_reenter
                0x0000000000036440                gdt
                0x0000000000036840                current_console
                0x0000000000036844                pcaller
                0x0000000000036860                tty_table
                0x00000000000374e0                tss
                0x0000000000037560                fs_msg
                0x0000000000037590                memory_size
                0x00000000000375a0                f_desc_table
                0x00000000000379a0                root_inode
                0x00000000000379a4                disp_pos
                0x00000000000379c0                mm_msg
                0x00000000000379f0                key_pressed
                0x00000000000379f4                gdt_ptr
                0x00000000000379fc                currentDir_inode
                0x0000000000037a00                idt
                0x0000000000038200                super_block
                0x0000000000038400                ticks
                0x0000000000038420                console_table
                0x0000000000038460                irq_table
                0x00000000000384a0                p_proc_ready
                0x00000000000384c0                proc_table
 COMMON         0x000000000003bfb8       0x10 kernel/hd.o
                0x000000000003bfb8                PARTITION_ENTRY
                0x000000000003bfc8                . = ALIGN ((. != 0x0)?0x4:0x1)
                0x000000000003bfc8                . = ALIGN (0x4)
                0x000000000003bfc8                . = SEGMENT_START ("ldata-segment", .)
                0x000000000003bfc8                . = ALIGN (0x4)
                0x000000000003bfc8                _end = .
                [!provide]                        PROVIDE (end, .)
                0x000000000003bfc8                . = DATA_SEGMENT_END (.)

.stab
 *(.stab)

.stabstr
 *(.stabstr)

.stab.excl
 *(.stab.excl)

.stab.exclstr
 *(.stab.exclstr)

.stab.index
 *(.stab.index)

.stab.indexstr
 *(.stab.indexstr)

.comment        0x0000000000000000       0x35
 *(.comment)
 .comment       0x0000000000000000       0x35 kernel/start.o
                                         0x36 (size before relaxing)
 .comment       0x0000000000000035       0x36 kernel/main.o
 .comment       0x0000000000000035       0x36 kernel/clock.o
 .comment       0x0000000000000035       0x36 kernel/keyboard.o
 .comment       0x0000000000000035       0x36 kernel/tty.o
 .comment       0x0000000000000035       0x36 kernel/console.o
 .comment       0x0000000000000035       0x36 kernel/i8259.o
 .comment       0x0000000000000035       0x36 kernel/global.o
 .comment       0x0000000000000035       0x36 kernel/protect.o
 .comment       0x0000000000000035       0x36 kernel/proc.o
 .comment       0x0000000000000035       0x36 kernel/systask.o
 .comment       0x0000000000000035       0x36 kernel/hd.o
 .comment       0x0000000000000035       0x36 kernel/klib.o
 .comment       0x0000000000000035       0x36 lib/syslog.o
 .comment       0x0000000000000035       0x36 mm/main.o
 .comment       0x0000000000000035       0x36 mm/forkexit.o
 .comment       0x0000000000000035       0x36 mm/exec.o
 .comment       0x0000000000000035       0x36 fs/main.o
 .comment       0x0000000000000035       0x36 fs/open.o
 .comment       0x0000000000000035       0x36 fs/misc.o
 .comment       0x0000000000000035       0x36 fs/read_write.o
 .comment       0x0000000000000035       0x36 fs/link.o
 .comment       0x0000000000000035       0x36 fs/disklog.o
 .comment       0x0000000000000035       0x36 lib/orangescrt.a(printf.o)
 .comment       0x0000000000000035       0x36 lib/orangescrt.a(vsprintf.o)
 .comment       0x0000000000000035       0x36 lib/orangescrt.a(misc.o)
 .comment       0x0000000000000035       0x36 lib/orangescrt.a(open.o)
 .comment       0x0000000000000035       0x36 lib/orangescrt.a(read.o)
 .comment       0x0000000000000035       0x36 lib/orangescrt.a(write.o)
 .comment       0x0000000000000035       0x36 lib/orangescrt.a(close.o)
 .comment       0x0000000000000035       0x36 lib/orangescrt.a(getpid.o)
 .comment       0x0000000000000035       0x36 lib/orangescrt.a(stat.o)
 .comment       0x0000000000000035       0x36 lib/orangescrt.a(fork.o)
 .comment       0x0000000000000035       0x36 lib/orangescrt.a(wait.o)
 .comment       0x0000000000000035       0x36 lib/orangescrt.a(exec.o)

.debug
 *(.debug)

.line
 *(.line)

.debug_srcinfo
 *(.debug_srcinfo)

.debug_sfnames
 *(.debug_sfnames)

.debug_aranges
 *(.debug_aranges)

.debug_pubnames
 *(.debug_pubnames)

.debug_info
 *(.debug_info .gnu.linkonce.wi.*)

.debug_abbrev
 *(.debug_abbrev)

.debug_line
 *(.debug_line .debug_line.* .debug_line_end)

.debug_frame
 *(.debug_frame)

.debug_str
 *(.debug_str)

.debug_loc
 *(.debug_loc)

.debug_macinfo
 *(.debug_macinfo)

.debug_weaknames
 *(.debug_weaknames)

.debug_funcnames
 *(.debug_funcnames)

.debug_typenames
 *(.debug_typenames)

.debug_varnames
 *(.debug_varnames)

.debug_pubtypes
 *(.debug_pubtypes)

.debug_ranges
 *(.debug_ranges)

.debug_macro
 *(.debug_macro)

.gnu.attributes
 *(.gnu.attributes)

/DISCARD/
 *(.note.GNU-stack)
 *(.gnu_debuglink)
 *(.gnu.lto_*)
OUTPUT(kernel.bin elf32-i386)
