
Allocating common symbols
Common symbol       size              file

idt_ptr             0x6               kernel/global.o
inode_table         0xb00             kernel/global.o
task_stack          0x38000           kernel/global.o
k_reenter           0x4               kernel/global.o
gdt                 0x400             kernel/global.o
current_console     0x4               kernel/global.o
pcaller             0x4               kernel/global.o
tty_table           0xc6c             kernel/global.o
tss                 0x68              kernel/global.o
fs_msg              0x30              kernel/global.o
f_desc_table        0x300             kernel/global.o
root_inode          0x4               kernel/global.o
disp_pos            0x4               kernel/global.o
key_pressed         0x4               kernel/global.o
gdt_ptr             0x6               kernel/global.o
currentDir_inode    0x4               kernel/global.o
idt                 0x800             kernel/global.o
super_block         0x200             kernel/global.o
PARTITION_ENTRY     0x10              kernel/hd.o
ticks               0x4               kernel/global.o
console_table       0x3c              kernel/global.o
irq_table           0x40              kernel/global.o
p_proc_ready        0x4               kernel/global.o
proc_table          0xb0c             kernel/global.o

Discarded input sections

 .note.GNU-stack
                0x0000000000000000        0x0 kernel/start.o
 .note.GNU-stack
                0x0000000000000000        0x0 kernel/main.o
 .note.GNU-stack
                0x0000000000000000        0x0 kernel/clock.o
 .note.GNU-stack
                0x0000000000000000        0x0 kernel/keyboard.o
 .note.GNU-stack
                0x0000000000000000        0x0 kernel/tty.o
 .note.GNU-stack
                0x0000000000000000        0x0 kernel/console.o
 .note.GNU-stack
                0x0000000000000000        0x0 kernel/i8259.o
 .note.GNU-stack
                0x0000000000000000        0x0 kernel/global.o
 .note.GNU-stack
                0x0000000000000000        0x0 kernel/protect.o
 .note.GNU-stack
                0x0000000000000000        0x0 kernel/proc.o
 .note.GNU-stack
                0x0000000000000000        0x0 kernel/systask.o
 .note.GNU-stack
                0x0000000000000000        0x0 kernel/hd.o
 .note.GNU-stack
                0x0000000000000000        0x0 lib/printf.o
 .note.GNU-stack
                0x0000000000000000        0x0 lib/vsprintf.o
 .note.GNU-stack
                0x0000000000000000        0x0 lib/klib.o
 .note.GNU-stack
                0x0000000000000000        0x0 lib/misc.o
 .note.GNU-stack
                0x0000000000000000        0x0 lib/open.o
 .note.GNU-stack
                0x0000000000000000        0x0 lib/read.o
 .note.GNU-stack
                0x0000000000000000        0x0 lib/write.o
 .note.GNU-stack
                0x0000000000000000        0x0 lib/close.o
 .note.GNU-stack
                0x0000000000000000        0x0 lib/unlink.o
 .note.GNU-stack
                0x0000000000000000        0x0 lib/getpid.o
 .note.GNU-stack
                0x0000000000000000        0x0 lib/syslog.o
 .note.GNU-stack
                0x0000000000000000        0x0 fs/main.o
 .note.GNU-stack
                0x0000000000000000        0x0 fs/open.o
 .note.GNU-stack
                0x0000000000000000        0x0 fs/misc.o
 .note.GNU-stack
                0x0000000000000000        0x0 fs/read_write.o
 .note.GNU-stack
                0x0000000000000000        0x0 fs/link.o
 .note.GNU-stack
                0x0000000000000000        0x0 fs/disklog.o

Memory Configuration

Name             Origin             Length             Attributes
*default*        0x0000000000000000 0xffffffffffffffff

Linker script and memory map

Address of section .text set to 0x1000
LOAD kernel/kernel.o
LOAD lib/syscall.o
LOAD kernel/start.o
LOAD kernel/main.o
LOAD kernel/clock.o
LOAD kernel/keyboard.o
LOAD kernel/tty.o
LOAD kernel/console.o
LOAD kernel/i8259.o
LOAD kernel/global.o
LOAD kernel/protect.o
LOAD kernel/proc.o
LOAD kernel/systask.o
LOAD kernel/hd.o
LOAD lib/printf.o
LOAD lib/vsprintf.o
LOAD lib/kliba.o
LOAD lib/klib.o
LOAD lib/string.o
LOAD lib/misc.o
LOAD lib/open.o
LOAD lib/read.o
LOAD lib/write.o
LOAD lib/close.o
LOAD lib/unlink.o
LOAD lib/getpid.o
LOAD lib/syslog.o
LOAD fs/main.o
LOAD fs/open.o
LOAD fs/misc.o
LOAD fs/read_write.o
LOAD fs/link.o
LOAD fs/disklog.o
                [!provide]                        PROVIDE (__executable_start, 0x8048000)
                0x0000000008048094                . = (0x8048000 + SIZEOF_HEADERS)

.interp
 *(.interp)

.note.gnu.build-id
 *(.note.gnu.build-id)

.hash
 *(.hash)

.gnu.hash
 *(.gnu.hash)

.dynsym
 *(.dynsym)

.dynstr
 *(.dynstr)

.gnu.version
 *(.gnu.version)

.gnu.version_d
 *(.gnu.version_d)

.gnu.version_r
 *(.gnu.version_r)

.rel.dyn        0x0000000008048094        0x0
 *(.rel.init)
 *(.rel.text .rel.text.* .rel.gnu.linkonce.t.*)
 .rel.text      0x0000000008048094        0x0 kernel/kernel.o
 *(.rel.fini)
 *(.rel.rodata .rel.rodata.* .rel.gnu.linkonce.r.*)
 *(.rel.data.rel.ro .rel.data.rel.ro.* .rel.gnu.linkonce.d.rel.ro.*)
 *(.rel.data .rel.data.* .rel.gnu.linkonce.d.*)
 .rel.data      0x0000000008048094        0x0 kernel/kernel.o
 *(.rel.tdata .rel.tdata.* .rel.gnu.linkonce.td.*)
 *(.rel.tbss .rel.tbss.* .rel.gnu.linkonce.tb.*)
 *(.rel.ctors)
 *(.rel.dtors)
 *(.rel.got)
 *(.rel.bss .rel.bss.* .rel.gnu.linkonce.b.*)
 *(.rel.ifunc)

.rel.plt        0x0000000008048094        0x0
 *(.rel.plt)
                [!provide]                        PROVIDE (__rel_iplt_start, .)
 *(.rel.iplt)
 .rel.iplt      0x0000000008048094        0x0 kernel/kernel.o
                [!provide]                        PROVIDE (__rel_iplt_end, .)

.init
 *(SORT(.init))

.plt            0x00000000080480a0        0x0
 *(.plt)
 *(.iplt)
 .iplt          0x00000000080480a0        0x0 kernel/kernel.o

.plt.got
 *(.plt.got)

.text           0x0000000000001000     0x998a
 *(.text.unlikely .text.*_unlikely .text.unlikely.*)
 *(.text.exit .text.exit.*)
 *(.text.startup .text.startup.*)
 *(.text.hot .text.hot.*)
 *(.text .stub .text.* .gnu.linkonce.t.*)
 .text          0x0000000000001000      0x410 kernel/kernel.o
                0x0000000000001000                _start
                0x0000000000001040                hwint00
                0x0000000000001070                hwint01
                0x00000000000010a0                hwint02
                0x00000000000010d0                hwint03
                0x0000000000001100                hwint04
                0x0000000000001130                hwint05
                0x0000000000001160                hwint06
                0x0000000000001190                hwint07
                0x00000000000011c0                hwint08
                0x00000000000011f0                hwint09
                0x0000000000001220                hwint10
                0x0000000000001250                hwint11
                0x0000000000001280                hwint12
                0x00000000000012b0                hwint13
                0x00000000000012e0                hwint14
                0x0000000000001310                hwint15
                0x0000000000001334                divide_error
                0x000000000000133a                single_step_exception
                0x0000000000001340                nmi
                0x0000000000001346                breakpoint_exception
                0x000000000000134c                overflow
                0x0000000000001352                bounds_check
                0x0000000000001358                inval_opcode
                0x000000000000135e                copr_not_available
                0x0000000000001364                double_fault
                0x0000000000001368                copr_seg_overrun
                0x000000000000136e                inval_tss
                0x0000000000001372                segment_not_present
                0x0000000000001376                stack_exception
                0x000000000000137a                general_protection
                0x000000000000137e                page_fault
                0x0000000000001382                copr_error
                0x00000000000013cb                sys_call
                0x00000000000013eb                restart
 .text          0x0000000000001410       0x20 lib/syscall.o
                0x0000000000001410                sendrec
                0x0000000000001424                printx
 .text          0x0000000000001430       0x95 kernel/start.o
                0x0000000000001430                cstart
 .text          0x00000000000014c5      0x699 kernel/main.o
                0x00000000000014c5                kernel_main
                0x0000000000001745                get_ticks
                0x0000000000001779                TestA
                0x0000000000001ac4                TestB
                0x0000000000001add                TestC
                0x0000000000001b15                panic
 .text          0x0000000000001b5e      0x10d kernel/clock.o
                0x0000000000001b5e                clock_handler
                0x0000000000001bd9                milli_delay
                0x0000000000001c13                init_clock
 .text          0x0000000000001c6b      0x6da kernel/keyboard.o
                0x0000000000001c6b                keyboard_handler
                0x0000000000001cd5                init_keyboard
                0x0000000000001d84                keyboard_read
 .text          0x0000000000002345      0x9c1 kernel/tty.o
                0x0000000000002345                task_tty
                0x00000000000024f5                in_process
                0x0000000000002a06                sys_printx
                0x0000000000002ba5                dump_tty_buf
 .text          0x0000000000002d06      0x7d7 kernel/console.o
                0x0000000000002d06                init_screen
                0x0000000000002e7a                out_char
                0x0000000000003157                is_current_console
                0x000000000000324a                select_console
                0x000000000000328a                scroll_screen
 .text          0x00000000000034dd      0x130 kernel/i8259.o
                0x00000000000034dd                init_8259A
                0x00000000000035b2                spurious_irq
                0x00000000000035e9                put_irq_handler
 .text          0x000000000000360d        0x0 kernel/global.o
 .text          0x000000000000360d      0x614 kernel/protect.o
                0x000000000000360d                init_prot
                0x0000000000003a2a                seg2phys
                0x0000000000003ae6                exception_handler
 .text          0x0000000000003c21     0x1718 kernel/proc.o
                0x0000000000003c21                schedule
                0x0000000000003cad                sys_sendrec
                0x0000000000003dcd                send_recv
                0x0000000000003e8a                ldt_seg_linear
                0x0000000000003ed4                va2la
                0x0000000000003f35                reset_msg
                0x0000000000004d3e                inform_int
                0x0000000000004eba                dump_proc
                0x000000000000522c                dump_msg
 .text          0x0000000000005339       0x82 kernel/systask.o
                0x0000000000005339                task_sys
 .text          0x00000000000053bb      0xe1f kernel/hd.o
                0x00000000000053bb                task_hd
                0x00000000000061af                hd_handler
 .text          0x00000000000061da       0x50 lib/printf.o
                0x00000000000061da                printf
 .text          0x000000000000622a      0x305 lib/vsprintf.o
                0x0000000000006288                vsprintf
                0x0000000000006509                sprintf
 *fill*         0x000000000000652f        0x1 
 .text          0x0000000000006530      0x19a lib/kliba.o
                0x0000000000006530                disp_str
                0x000000000000656e                disp_color_str
                0x00000000000065ad                out_byte
                0x00000000000065b9                in_byte
                0x00000000000065c3                port_read
                0x00000000000065d6                port_write
                0x00000000000065e9                disable_irq
                0x000000000000661e                enable_irq
                0x000000000000663d                disable_int
                0x000000000000663f                enable_int
                0x0000000000006641                glitter
 .text          0x00000000000066ca      0x119 lib/klib.o
                0x00000000000066ca                itoa
                0x0000000000006775                disp_int
                0x000000000000679c                delay
 *fill*         0x00000000000067e3        0xd 
 .text          0x00000000000067f0       0x78 lib/string.o
                0x00000000000067f0                memcpy
                0x0000000000006819                memset
                0x000000000000683a                strcpy
                0x0000000000006852                strlen
 .text          0x0000000000006868      0x19c lib/misc.o
                0x0000000000006868                memcmp
                0x00000000000068de                strcmp
                0x0000000000006951                strcat
                0x00000000000069b0                spin
                0x00000000000069cb                assertion_failure
 .text          0x0000000000006a04       0xd4 lib/open.o
                0x0000000000006a04                open
                0x0000000000006a6e                openDir
 .text          0x0000000000006ad8       0x37 lib/read.o
                0x0000000000006ad8                read
 .text          0x0000000000006b0f       0x37 lib/write.o
                0x0000000000006b0f                write
 .text          0x0000000000006b46       0x2b lib/close.o
                0x0000000000006b46                close
 .text          0x0000000000006b71       0x3c lib/unlink.o
                0x0000000000006b71                unlink
 .text          0x0000000000006bad       0x46 lib/getpid.o
                0x0000000000006bad                getpid
 .text          0x0000000000006bf3       0xd1 lib/syslog.o
                0x0000000000006bf3                syslog
 .text          0x0000000000006cc4      0xd2c fs/main.o
                0x0000000000006cc4                task_fs
                0x00000000000074fc                rw_sector
                0x000000000000770a                get_super_block
                0x0000000000007750                get_inode
                0x00000000000078b3                put_inode
                0x00000000000078f1                sync_inode
 .text          0x00000000000079f0      0xb17 fs/open.o
                0x0000000000007a24                do_open
                0x0000000000007eb9                back
                0x0000000000007ec3                do_close
                0x0000000000007f1f                do_lseek
 .text          0x0000000000008507      0x24d fs/misc.o
                0x0000000000008507                search_file
                0x00000000000086b6                strip_path
                0x000000000000874e                strip_path2_from_root
 .text          0x0000000000008754      0x49a fs/read_write.o
                0x0000000000008754                do_rdwt
 .text          0x0000000000008bee      0x967 fs/link.o
                0x0000000000008bee                do_unlink2
                0x0000000000009308                cleanDir
                0x0000000000009417                do_unlink
 .text          0x0000000000009555     0x1435 fs/disklog.o
                0x0000000000009555                do_disklog
                0x00000000000095f0                disklog
                0x0000000000009acb                dump_fd_graph
 *(.gnu.warning)

.fini
 *(SORT(.fini))
                [!provide]                        PROVIDE (__etext, .)
                [!provide]                        PROVIDE (_etext, .)
                [!provide]                        PROVIDE (etext, .)

.rodata         0x000000000000a9a0     0x1e6f
 *(.rodata .rodata.* .gnu.linkonce.r.*)
 .rodata        0x000000000000a9a0       0x47 kernel/start.o
 *fill*         0x000000000000a9e7        0x1 
 .rodata        0x000000000000a9e8      0x116 kernel/main.o
 *fill*         0x000000000000aafe        0x2 
 .rodata        0x000000000000ab00       0x64 kernel/keyboard.o
 .rodata        0x000000000000ab64      0x13c kernel/tty.o
 .rodata        0x000000000000aca0       0x5b kernel/console.o
 .rodata        0x000000000000acfb       0x11 kernel/i8259.o
 .rodata        0x000000000000ad0c        0x4 kernel/global.o
                0x000000000000ad0c                FSBUF_SIZE
 *fill*         0x000000000000ad10       0x10 
 .rodata        0x000000000000ad20      0x540 kernel/protect.o
 .rodata        0x000000000000b260      0x62e kernel/proc.o
 .rodata        0x000000000000b88e       0x11 kernel/systask.o
 *fill*         0x000000000000b89f        0x1 
 .rodata        0x000000000000b8a0      0x1ba kernel/hd.o
 *fill*         0x000000000000ba5a        0x2 
 .rodata        0x000000000000ba5c       0x61 lib/misc.o
 .rodata        0x000000000000babd       0x23 lib/open.o
 .rodata        0x000000000000bae0       0x25 lib/getpid.o
 .rodata        0x000000000000bb05       0x32 lib/syslog.o
 *fill*         0x000000000000bb37        0x1 
 .rodata        0x000000000000bb38      0x1fa fs/main.o
 *fill*         0x000000000000bd32        0x2 
 .rodata        0x000000000000bd34      0x148 fs/open.o
 .rodata        0x000000000000be7c       0x21 fs/misc.o
 *fill*         0x000000000000be9d        0x3 
 .rodata        0x000000000000bea0      0x164 fs/read_write.o
 .rodata        0x000000000000c004      0x1e3 fs/link.o
 *fill*         0x000000000000c1e7        0x1 
 .rodata        0x000000000000c1e8      0x627 fs/disklog.o

.rodata1
 *(.rodata1)

.eh_frame_hdr
 *(.eh_frame_hdr)
 *(.eh_frame_entry .eh_frame_entry.*)

.eh_frame       0x000000000000c810     0x1038
 *(.eh_frame)
 .eh_frame      0x000000000000c810       0x38 kernel/start.o
 .eh_frame      0x000000000000c848       0xbc kernel/main.o
                                         0xd4 (size before relaxing)
 .eh_frame      0x000000000000c904       0x60 kernel/clock.o
                                         0x78 (size before relaxing)
 .eh_frame      0x000000000000c964       0xe0 kernel/keyboard.o
                                         0xf8 (size before relaxing)
 .eh_frame      0x000000000000ca44      0x13c kernel/tty.o
                                        0x154 (size before relaxing)
 .eh_frame      0x000000000000cb80      0x144 kernel/console.o
                                        0x15c (size before relaxing)
 .eh_frame      0x000000000000ccc4       0x60 kernel/i8259.o
                                         0x78 (size before relaxing)
 .eh_frame      0x000000000000cd24       0xb0 kernel/protect.o
                                         0xc8 (size before relaxing)
 .eh_frame      0x000000000000cdd4      0x1d8 kernel/proc.o
                                        0x1f0 (size before relaxing)
 .eh_frame      0x000000000000cfac       0x1c kernel/systask.o
                                         0x34 (size before relaxing)
 .eh_frame      0x000000000000cfc8      0x1f0 kernel/hd.o
                                        0x208 (size before relaxing)
 .eh_frame      0x000000000000d1b8       0x20 lib/printf.o
                                         0x38 (size before relaxing)
 .eh_frame      0x000000000000d1d8       0x60 lib/vsprintf.o
                                         0x78 (size before relaxing)
 .eh_frame      0x000000000000d238       0x60 lib/klib.o
                                         0x78 (size before relaxing)
 .eh_frame      0x000000000000d298       0x9c lib/misc.o
                                         0xb4 (size before relaxing)
 .eh_frame      0x000000000000d334       0x40 lib/open.o
                                         0x58 (size before relaxing)
 .eh_frame      0x000000000000d374       0x20 lib/read.o
                                         0x38 (size before relaxing)
 .eh_frame      0x000000000000d394       0x20 lib/write.o
                                         0x38 (size before relaxing)
 .eh_frame      0x000000000000d3b4       0x20 lib/close.o
                                         0x38 (size before relaxing)
 .eh_frame      0x000000000000d3d4       0x20 lib/unlink.o
                                         0x38 (size before relaxing)
 .eh_frame      0x000000000000d3f4       0x20 lib/getpid.o
                                         0x38 (size before relaxing)
 .eh_frame      0x000000000000d414       0x20 lib/syslog.o
                                         0x38 (size before relaxing)
 .eh_frame      0x000000000000d434      0x130 fs/main.o
                                        0x148 (size before relaxing)
 .eh_frame      0x000000000000d564      0x160 fs/open.o
                                        0x178 (size before relaxing)
 .eh_frame      0x000000000000d6c4       0x64 fs/misc.o
                                         0x7c (size before relaxing)
 .eh_frame      0x000000000000d728       0x2c fs/read_write.o
                                         0x44 (size before relaxing)
 .eh_frame      0x000000000000d754       0x74 fs/link.o
                                         0x8c (size before relaxing)
 .eh_frame      0x000000000000d7c8       0x80 fs/disklog.o
                                         0x98 (size before relaxing)
 *(.eh_frame.*)

.gcc_except_table
 *(.gcc_except_table .gcc_except_table.*)

.gnu_extab
 *(.gnu_extab*)

.exception_ranges
 *(.exception_ranges .exception_ranges*)
                0x000000000000e000                . = DATA_SEGMENT_ALIGN (0x1000, 0x1000)

.eh_frame
 *(.eh_frame)
 *(.eh_frame.*)

.gnu_extab
 *(.gnu_extab)

.gcc_except_table
 *(.gcc_except_table .gcc_except_table.*)

.exception_ranges
 *(.exception_ranges .exception_ranges*)

.tdata
 *(.tdata .tdata.* .gnu.linkonce.td.*)

.tbss
 *(.tbss .tbss.* .gnu.linkonce.tb.*)
 *(.tcommon)

.preinit_array  0x000000000000e000        0x0
                [!provide]                        PROVIDE (__preinit_array_start, .)
 *(.preinit_array)
                [!provide]                        PROVIDE (__preinit_array_end, .)

.init_array     0x000000000000e000        0x0
                [!provide]                        PROVIDE (__init_array_start, .)
 *(SORT(.init_array.*) SORT(.ctors.*))
 *(.init_array EXCLUDE_FILE(*crtend?.o *crtend.o *crtbegin?.o *crtbegin.o) .ctors)
                [!provide]                        PROVIDE (__init_array_end, .)

.fini_array     0x000000000000e000        0x0
                [!provide]                        PROVIDE (__fini_array_start, .)
 *(SORT(.fini_array.*) SORT(.dtors.*))
 *(.fini_array EXCLUDE_FILE(*crtend?.o *crtend.o *crtbegin?.o *crtbegin.o) .dtors)
                [!provide]                        PROVIDE (__fini_array_end, .)

.ctors
 *crtbegin.o(.ctors)
 *crtbegin?.o(.ctors)
 *(EXCLUDE_FILE(*crtend?.o *crtend.o) .ctors)
 *(SORT(.ctors.*))
 *(.ctors)

.dtors
 *crtbegin.o(.dtors)
 *crtbegin?.o(.dtors)
 *(EXCLUDE_FILE(*crtend?.o *crtend.o) .dtors)
 *(SORT(.dtors.*))
 *(.dtors)

.jcr
 *(.jcr)

.data.rel.ro
 *(.data.rel.ro.local* .gnu.linkonce.d.rel.ro.local.*)
 *(.data.rel.ro .data.rel.ro.* .gnu.linkonce.d.rel.ro.*)

.dynamic
 *(.dynamic)

.got
 *(.got)
 *(.igot)
                0x000000000000e000                . = DATA_SEGMENT_RELRO_END (., (SIZEOF (.got.plt) >= 0xc)?0xc:0x0)

.got.plt        0x000000000000e000        0x0
 *(.got.plt)
 *(.igot.plt)
 .igot.plt      0x000000000000e000        0x0 kernel/kernel.o

.data           0x000000000000e000      0x7a0
 *(.data .data.* .gnu.linkonce.d.*)
 .data          0x000000000000e000        0x2 kernel/kernel.o
 .data          0x000000000000e002        0x0 kernel/start.o
 .data          0x000000000000e002        0x0 kernel/main.o
 .data          0x000000000000e002        0x0 kernel/clock.o
 *fill*         0x000000000000e002       0x1e 
 .data          0x000000000000e020      0x600 kernel/keyboard.o
                0x000000000000e020                keymap
 .data          0x000000000000e620       0x22 kernel/tty.o
 .data          0x000000000000e642        0x0 kernel/console.o
 .data          0x000000000000e642        0x0 kernel/i8259.o
 *fill*         0x000000000000e642       0x1e 
 .data          0x000000000000e660      0x140 kernel/global.o
                0x000000000000e660                task_table
                0x000000000000e700                user_proc_table
                0x000000000000e778                sys_call_table
                0x000000000000e784                dd_map
                0x000000000000e79c                fsbuf
 .data          0x000000000000e7a0        0x0 kernel/protect.o
 .data          0x000000000000e7a0        0x0 kernel/proc.o
 .data          0x000000000000e7a0        0x0 kernel/systask.o
 .data          0x000000000000e7a0        0x0 kernel/hd.o
 .data          0x000000000000e7a0        0x0 lib/printf.o
 .data          0x000000000000e7a0        0x0 lib/vsprintf.o
 .data          0x000000000000e7a0        0x0 lib/klib.o
 .data          0x000000000000e7a0        0x0 lib/misc.o
 .data          0x000000000000e7a0        0x0 lib/open.o
 .data          0x000000000000e7a0        0x0 lib/read.o
 .data          0x000000000000e7a0        0x0 lib/write.o
 .data          0x000000000000e7a0        0x0 lib/close.o
 .data          0x000000000000e7a0        0x0 lib/unlink.o
 .data          0x000000000000e7a0        0x0 lib/getpid.o
 .data          0x000000000000e7a0        0x0 lib/syslog.o
 .data          0x000000000000e7a0        0x0 fs/main.o
 .data          0x000000000000e7a0        0x0 fs/open.o
 .data          0x000000000000e7a0        0x0 fs/misc.o
 .data          0x000000000000e7a0        0x0 fs/read_write.o
 .data          0x000000000000e7a0        0x0 fs/link.o
 .data          0x000000000000e7a0        0x0 fs/disklog.o

.data1
 *(.data1)
                0x000000000000e7a0                _edata = .
                [!provide]                        PROVIDE (edata, .)
                0x000000000000e7a0                . = .
                0x000000000000e7a0                __bss_start = .

.bss            0x000000000000e7a0    0x3c67c
 *(.dynbss)
 *(.bss .bss.* .gnu.linkonce.b.*)
 .bss           0x000000000000e7a0      0x800 kernel/kernel.o
 .bss           0x000000000000efa0        0x0 kernel/start.o
 .bss           0x000000000000efa0        0x0 kernel/main.o
 .bss           0x000000000000efa0        0x0 kernel/clock.o
 .bss           0x000000000000efa0       0x58 kernel/keyboard.o
 .bss           0x000000000000eff8        0x0 kernel/tty.o
 .bss           0x000000000000eff8        0x0 kernel/console.o
 .bss           0x000000000000eff8        0x0 kernel/i8259.o
 .bss           0x000000000000eff8        0x0 kernel/global.o
 .bss           0x000000000000eff8        0x0 kernel/protect.o
 .bss           0x000000000000eff8        0x0 kernel/proc.o
 .bss           0x000000000000eff8        0x0 kernel/systask.o
 *fill*         0x000000000000eff8        0x8 
 .bss           0x000000000000f000      0x64c kernel/hd.o
 .bss           0x000000000000f64c        0x0 lib/printf.o
 .bss           0x000000000000f64c        0x0 lib/vsprintf.o
 .bss           0x000000000000f64c        0x0 lib/klib.o
 .bss           0x000000000000f64c        0x0 lib/misc.o
 .bss           0x000000000000f64c        0x0 lib/open.o
 .bss           0x000000000000f64c        0x0 lib/read.o
 .bss           0x000000000000f64c        0x0 lib/write.o
 .bss           0x000000000000f64c        0x0 lib/close.o
 .bss           0x000000000000f64c        0x0 lib/unlink.o
 .bss           0x000000000000f64c        0x0 lib/getpid.o
 .bss           0x000000000000f64c        0x0 lib/syslog.o
 .bss           0x000000000000f64c        0x0 fs/main.o
 .bss           0x000000000000f64c        0x0 fs/open.o
 .bss           0x000000000000f64c        0x0 fs/misc.o
 .bss           0x000000000000f64c        0x0 fs/read_write.o
 .bss           0x000000000000f64c        0x0 fs/link.o
 *fill*         0x000000000000f64c       0x14 
 .bss           0x000000000000f660      0x208 fs/disklog.o
 *(COMMON)
 *fill*         0x000000000000f868       0x18 
 COMMON         0x000000000000f880    0x3b58c kernel/global.o
                0x000000000000f880                idt_ptr
                0x000000000000f8a0                inode_table
                0x00000000000103a0                task_stack
                0x00000000000483a0                k_reenter
                0x00000000000483c0                gdt
                0x00000000000487c0                current_console
                0x00000000000487c4                pcaller
                0x00000000000487e0                tty_table
                0x0000000000049460                tss
                0x00000000000494e0                fs_msg
                0x0000000000049520                f_desc_table
                0x0000000000049820                root_inode
                0x0000000000049824                disp_pos
                0x0000000000049828                key_pressed
                0x000000000004982c                gdt_ptr
                0x0000000000049834                currentDir_inode
                0x0000000000049840                idt
                0x000000000004a040                super_block
                0x000000000004a240                ticks
                0x000000000004a260                console_table
                0x000000000004a2a0                irq_table
                0x000000000004a2e0                p_proc_ready
                0x000000000004a300                proc_table
 COMMON         0x000000000004ae0c       0x10 kernel/hd.o
                0x000000000004ae0c                PARTITION_ENTRY
                0x000000000004ae1c                . = ALIGN ((. != 0x0)?0x4:0x1)
                0x000000000004ae1c                . = ALIGN (0x4)
                0x000000000004ae1c                . = SEGMENT_START ("ldata-segment", .)
                0x000000000004ae1c                . = ALIGN (0x4)
                0x000000000004ae1c                _end = .
                [!provide]                        PROVIDE (end, .)
                0x000000000004ae1c                . = DATA_SEGMENT_END (.)

.stab
 *(.stab)

.stabstr
 *(.stabstr)

.stab.excl
 *(.stab.excl)

.stab.exclstr
 *(.stab.exclstr)

.stab.index
 *(.stab.index)

.stab.indexstr
 *(.stab.indexstr)

.comment        0x0000000000000000       0x35
 *(.comment)
 .comment       0x0000000000000000       0x35 kernel/start.o
                                         0x36 (size before relaxing)
 .comment       0x0000000000000035       0x36 kernel/main.o
 .comment       0x0000000000000035       0x36 kernel/clock.o
 .comment       0x0000000000000035       0x36 kernel/keyboard.o
 .comment       0x0000000000000035       0x36 kernel/tty.o
 .comment       0x0000000000000035       0x36 kernel/console.o
 .comment       0x0000000000000035       0x36 kernel/i8259.o
 .comment       0x0000000000000035       0x36 kernel/global.o
 .comment       0x0000000000000035       0x36 kernel/protect.o
 .comment       0x0000000000000035       0x36 kernel/proc.o
 .comment       0x0000000000000035       0x36 kernel/systask.o
 .comment       0x0000000000000035       0x36 kernel/hd.o
 .comment       0x0000000000000035       0x36 lib/printf.o
 .comment       0x0000000000000035       0x36 lib/vsprintf.o
 .comment       0x0000000000000035       0x36 lib/klib.o
 .comment       0x0000000000000035       0x36 lib/misc.o
 .comment       0x0000000000000035       0x36 lib/open.o
 .comment       0x0000000000000035       0x36 lib/read.o
 .comment       0x0000000000000035       0x36 lib/write.o
 .comment       0x0000000000000035       0x36 lib/close.o
 .comment       0x0000000000000035       0x36 lib/unlink.o
 .comment       0x0000000000000035       0x36 lib/getpid.o
 .comment       0x0000000000000035       0x36 lib/syslog.o
 .comment       0x0000000000000035       0x36 fs/main.o
 .comment       0x0000000000000035       0x36 fs/open.o
 .comment       0x0000000000000035       0x36 fs/misc.o
 .comment       0x0000000000000035       0x36 fs/read_write.o
 .comment       0x0000000000000035       0x36 fs/link.o
 .comment       0x0000000000000035       0x36 fs/disklog.o

.debug
 *(.debug)

.line
 *(.line)

.debug_srcinfo
 *(.debug_srcinfo)

.debug_sfnames
 *(.debug_sfnames)

.debug_aranges
 *(.debug_aranges)

.debug_pubnames
 *(.debug_pubnames)

.debug_info
 *(.debug_info .gnu.linkonce.wi.*)

.debug_abbrev
 *(.debug_abbrev)

.debug_line
 *(.debug_line .debug_line.* .debug_line_end)

.debug_frame
 *(.debug_frame)

.debug_str
 *(.debug_str)

.debug_loc
 *(.debug_loc)

.debug_macinfo
 *(.debug_macinfo)

.debug_weaknames
 *(.debug_weaknames)

.debug_funcnames
 *(.debug_funcnames)

.debug_typenames
 *(.debug_typenames)

.debug_varnames
 *(.debug_varnames)

.debug_pubtypes
 *(.debug_pubtypes)

.debug_ranges
 *(.debug_ranges)

.debug_macro
 *(.debug_macro)

.gnu.attributes
 *(.gnu.attributes)

/DISCARD/
 *(.note.GNU-stack)
 *(.gnu_debuglink)
 *(.gnu.lto_*)
OUTPUT(kernel.bin elf32-i386)
